{
    "name": "simlux/laravel-generators",
    "description": "Some extended generators to create Models, Migrations, Seeder, ...",
    "type": "package",
    "license": "MIT",
    "authors": [
        {
            "name": "Simon Kleeschulte",
            "email": "simlux78@gmail.com"
        }
    ],
    "require": {
        "simlux/string-buffer": "dev-master"
    },
    "require-dev": {
        "phpunit/phpunit": "^6.3"
    },
    "extra": {
        "laravel": {
            "dont-discover": [
                "AnotherClass"
            ],
            "providers": [
                "SomeProvider"
            ],
            "aliases": {
                "Simlux": "Simlux/SomeClass"
            }
        }
    },
    "autoload": {
        "psr-4": []
    },
    "autoload_dev": {
        "psr-4": []
    }
}